Archive member included to satisfy reference by file (symbol)

/Applications/STM32CubeIDE.app/Contents/Eclipse/plugins/com.st.stm32cube.ide.mcu.externaltools.gnu-tools-for-stm32.13.3.rel1.macos64_1.0.0.202411102158/tools/bin/../lib/gcc/arm-none-eabi/13.3.1/../../../../arm-none-eabi/lib/thumb/v7e-m+fp/hard/libc_nano.a(libc_a-exit.o)
                              /Applications/STM32CubeIDE.app/Contents/Eclipse/plugins/com.st.stm32cube.ide.mcu.externaltools.gnu-tools-for-stm32.13.3.rel1.macos64_1.0.0.202411102158/tools/bin/../lib/gcc/arm-none-eabi/13.3.1/../../../../arm-none-eabi/lib/thumb/v7e-m+fp/hard/crt0.o (exit)
/Applications/STM32CubeIDE.app/Contents/Eclipse/plugins/com.st.stm32cube.ide.mcu.externaltools.gnu-tools-for-stm32.13.3.rel1.macos64_1.0.0.202411102158/tools/bin/../lib/gcc/arm-none-eabi/13.3.1/../../../../arm-none-eabi/lib/thumb/v7e-m+fp/hard/libc_nano.a(libc_a-findfp.o)
                              /Applications/STM32CubeIDE.app/Contents/Eclipse/plugins/com.st.stm32cube.ide.mcu.externaltools.gnu-tools-for-stm32.13.3.rel1.macos64_1.0.0.202411102158/tools/bin/../lib/gcc/arm-none-eabi/13.3.1/../../../../arm-none-eabi/lib/thumb/v7e-m+fp/hard/libc_nano.a(libc_a-exit.o) (__stdio_exit_handler)
/Applications/STM32CubeIDE.app/Contents/Eclipse/plugins/com.st.stm32cube.ide.mcu.externaltools.gnu-tools-for-stm32.13.3.rel1.macos64_1.0.0.202411102158/tools/bin/../lib/gcc/arm-none-eabi/13.3.1/../../../../arm-none-eabi/lib/thumb/v7e-m+fp/hard/libc_nano.a(libc_a-fwalk.o)
                              /Applications/STM32CubeIDE.app/Contents/Eclipse/plugins/com.st.stm32cube.ide.mcu.externaltools.gnu-tools-for-stm32.13.3.rel1.macos64_1.0.0.202411102158/tools/bin/../lib/gcc/arm-none-eabi/13.3.1/../../../../arm-none-eabi/lib/thumb/v7e-m+fp/hard/libc_nano.a(libc_a-findfp.o) (_fwalk_sglue)
/Applications/STM32CubeIDE.app/Contents/Eclipse/plugins/com.st.stm32cube.ide.mcu.externaltools.gnu-tools-for-stm32.13.3.rel1.macos64_1.0.0.202411102158/tools/bin/../lib/gcc/arm-none-eabi/13.3.1/../../../../arm-none-eabi/lib/thumb/v7e-m+fp/hard/libc_nano.a(libc_a-memset.o)
                              /Applications/STM32CubeIDE.app/Contents/Eclipse/plugins/com.st.stm32cube.ide.mcu.externaltools.gnu-tools-for-stm32.13.3.rel1.macos64_1.0.0.202411102158/tools/bin/../lib/gcc/arm-none-eabi/13.3.1/../../../../arm-none-eabi/lib/thumb/v7e-m+fp/hard/crt0.o (memset)
/Applications/STM32CubeIDE.app/Contents/Eclipse/plugins/com.st.stm32cube.ide.mcu.externaltools.gnu-tools-for-stm32.13.3.rel1.macos64_1.0.0.202411102158/tools/bin/../lib/gcc/arm-none-eabi/13.3.1/../../../../arm-none-eabi/lib/thumb/v7e-m+fp/hard/libc_nano.a(libc_a-errno.o)
                              ./Src/syscalls.o (__errno)
/Applications/STM32CubeIDE.app/Contents/Eclipse/plugins/com.st.stm32cube.ide.mcu.externaltools.gnu-tools-for-stm32.13.3.rel1.macos64_1.0.0.202411102158/tools/bin/../lib/gcc/arm-none-eabi/13.3.1/../../../../arm-none-eabi/lib/thumb/v7e-m+fp/hard/libc_nano.a(libc_a-init.o)
                              /Applications/STM32CubeIDE.app/Contents/Eclipse/plugins/com.st.stm32cube.ide.mcu.externaltools.gnu-tools-for-stm32.13.3.rel1.macos64_1.0.0.202411102158/tools/bin/../lib/gcc/arm-none-eabi/13.3.1/../../../../arm-none-eabi/lib/thumb/v7e-m+fp/hard/crt0.o (__libc_init_array)
/Applications/STM32CubeIDE.app/Contents/Eclipse/plugins/com.st.stm32cube.ide.mcu.externaltools.gnu-tools-for-stm32.13.3.rel1.macos64_1.0.0.202411102158/tools/bin/../lib/gcc/arm-none-eabi/13.3.1/../../../../arm-none-eabi/lib/thumb/v7e-m+fp/hard/libc_nano.a(libc_a-lock.o)
                              /Applications/STM32CubeIDE.app/Contents/Eclipse/plugins/com.st.stm32cube.ide.mcu.externaltools.gnu-tools-for-stm32.13.3.rel1.macos64_1.0.0.202411102158/tools/bin/../lib/gcc/arm-none-eabi/13.3.1/../../../../arm-none-eabi/lib/thumb/v7e-m+fp/hard/libc_nano.a(libc_a-findfp.o) (__retarget_lock_init_recursive)
/Applications/STM32CubeIDE.app/Contents/Eclipse/plugins/com.st.stm32cube.ide.mcu.externaltools.gnu-tools-for-stm32.13.3.rel1.macos64_1.0.0.202411102158/tools/bin/../lib/gcc/arm-none-eabi/13.3.1/../../../../arm-none-eabi/lib/thumb/v7e-m+fp/hard/libc_nano.a(libc_a-impure.o)
                              /Applications/STM32CubeIDE.app/Contents/Eclipse/plugins/com.st.stm32cube.ide.mcu.externaltools.gnu-tools-for-stm32.13.3.rel1.macos64_1.0.0.202411102158/tools/bin/../lib/gcc/arm-none-eabi/13.3.1/../../../../arm-none-eabi/lib/thumb/v7e-m+fp/hard/libc_nano.a(libc_a-errno.o) (_impure_ptr)
/Applications/STM32CubeIDE.app/Contents/Eclipse/plugins/com.st.stm32cube.ide.mcu.externaltools.gnu-tools-for-stm32.13.3.rel1.macos64_1.0.0.202411102158/tools/bin/../lib/gcc/arm-none-eabi/13.3.1/../../../../arm-none-eabi/lib/thumb/v7e-m+fp/hard/libc_nano.a(libc_a-mallocr.o)
[...]
Memory Configuration

Name             Origin             Length             Attributes
CCMRAM           0x10000000         0x00010000         xrw
RAM              0x20000000         0x00020000         xrw
FLASH            0x08000000         0x00100000         xr
*default*        0x00000000         0xffffffff

Linker script and memory map

LOAD /Applications/STM32CubeIDE.app/Contents/Eclipse/plugins/com.st.stm32cube.ide.mcu.externaltools.gnu-tools-for-stm32.13.3.rel1.macos64_1.0.0.202411102158/tools/bin/../lib/gcc/arm-none-eabi/13.3.1/thumb/v7e-m+fp/hard/crti.o
LOAD /Applications/STM32CubeIDE.app/Contents/Eclipse/plugins/com.st.stm32cube.ide.mcu.externaltools.gnu-tools-for-stm32.13.3.rel1.macos64_1.0.0.202411102158/tools/bin/../lib/gcc/arm-none-eabi/13.3.1/thumb/v7e-m+fp/hard/crtbegin.o
LOAD /Applications/STM32CubeIDE.app/Contents/Eclipse/plugins/com.st.stm32cube.ide.mcu.externaltools.gnu-tools-for-stm32.13.3.rel1.macos64_1.0.0.202411102158/tools/bin/../lib/gcc/arm-none-eabi/13.3.1/../../../../arm-none-eabi/lib/thumb/v7e-m+fp/hard/crt0.o
LOAD ./Src/led_toggle.o
LOAD ./Src/syscalls.o
LOAD ./Src/sysmem.o
LOAD ./Startup/startup_stm32f407vgtx.o
LOAD ./drivers/Src/stm32f407xx_gpio_driver.o
START GROUP
LOAD /Applications/STM32CubeIDE.app/Contents/Eclipse/plugins/com.st.stm32cube.ide.mcu.externaltools.gnu-tools-for-stm32.13.3.rel1.macos64_1.0.0.202411102158/tools/bin/../lib/gcc/arm-none-eabi/13.3.1/../../../../arm-none-eabi/lib/thumb/v7e-m+fp/hard/libc_nano.a
LOAD /Applications/STM32CubeIDE.app/Contents/Eclipse/plugins/com.st.stm32cube.ide.mcu.externaltools.gnu-tools-for-stm32.13.3.rel1.macos64_1.0.0.202411102158/tools/bin/../lib/gcc/arm-none-eabi/13.3.1/../../../../arm-none-eabi/lib/thumb/v7e-m+fp/hard/libm.a
END GROUP
START GROUP
LOAD /Applications/STM32CubeIDE.app/Contents/Eclipse/plugins/com.st.stm32cube.ide.mcu.externaltools.gnu-tools-for-stm32.13.3.rel1.macos64_1.0.0.202411102158/tools/bin/../lib/gcc/arm-none-eabi/13.3.1/thumb/v7e-m+fp/hard/libgcc.a
LOAD /Applications/STM32CubeIDE.app/Contents/Eclipse/plugins/com.st.stm32cube.ide.mcu.externaltools.gnu-tools-for-stm32.13.3.rel1.macos64_1.0.0.202411102158/tools/bin/../lib/gcc/arm-none-eabi/13.3.1/../../../../arm-none-eabi/lib/thumb/v7e-m+fp/hard/libc_nano.a
END GROUP
START GROUP
LOAD /Applications/STM32CubeIDE.app/Contents/Eclipse/plugins/com.st.stm32cube.ide.mcu.externaltools.gnu-tools-for-stm32.13.3.rel1.macos64_1.0.0.202411102158/tools/bin/../lib/gcc/arm-none-eabi/13.3.1/thumb/v7e-m+fp/hard/libgcc.a
LOAD /Applications/STM32CubeIDE.app/Contents/Eclipse/plugins/com.st.stm32cube.ide.mcu.externaltools.gnu-tools-for-stm32.13.3.rel1.macos64_1.0.0.202411102158/tools/bin/../lib/gcc/arm-none-eabi/13.3.1/../../../../arm-none-eabi/lib/thumb/v7e-m+fp/hard/libc_nano.a
LOAD /Applications/STM32CubeIDE.app/Contents/Eclipse/plugins/com.st.stm32cube.ide.mcu.externaltools.gnu-tools-for-stm32.13.3.rel1.macos64_1.0.0.202411102158/tools/bin/../lib/gcc/arm-none-eabi/13.3.1/../../../../arm-none-eabi/lib/thumb/v7e-m+fp/hard/libnosys.a
END GROUP
START GROUP
LOAD /Applications/STM32CubeIDE.app/Contents/Eclipse/plugins/com.st.stm32cube.ide.mcu.externaltools.gnu-tools-for-stm32.13.3.rel1.macos64_1.0.0.202411102158/tools/bin/../lib/gcc/arm-none-eabi/13.3.1/thumb/v7e-m+fp/hard/libgcc.a
LOAD /Applications/STM32CubeIDE.app/Contents/Eclipse/plugins/com.st.stm32cube.ide.mcu.externaltools.gnu-tools-for-stm32.13.3.rel1.macos64_1.0.0.202411102158/tools/bin/../lib/gcc/arm-none-eabi/13.3.1/../../../../arm-none-eabi/lib/thumb/v7e-m+fp/hard/libc_nano.a
LOAD /Applications/STM32CubeIDE.app/Contents/Eclipse/plugins/com.st.stm32cube.ide.mcu.externaltools.gnu-tools-for-stm32.13.3.rel1.macos64_1.0.0.202411102158/tools/bin/../lib/gcc/arm-none-eabi/13.3.1/../../../../arm-none-eabi/lib/thumb/v7e-m+fp/hard/libnosys.a
END GROUP
LOAD /Applications/STM32CubeIDE.app/Contents/Eclipse/plugins/com.st.stm32cube.ide.mcu.externaltools.gnu-tools-for-stm32.13.3.rel1.macos64_1.0.0.202411102158/tools/bin/../lib/gcc/arm-none-eabi/13.3.1/thumb/v7e-m+fp/hard/crtend.o
LOAD /Applications/STM32CubeIDE.app/Contents/Eclipse/plugins/com.st.stm32cube.ide.mcu.externaltools.gnu-tools-for-stm32.13.3.rel1.macos64_1.0.0.202411102158/tools/bin/../lib/gcc/arm-none-eabi/13.3.1/thumb/v7e-m+fp/hard/crtn.o
                0x20020000                        _estack = (ORIGIN (RAM) + LENGTH (RAM))
                0x00000200                        _Min_Heap_Size = 0x200
                0x00000400                        _Min_Stack_Size = 0x400

.isr_vector     0x08000000      0x188
                0x08000000                        . = ALIGN (0x4)
 *(.isr_vector)
 .isr_vector    0x08000000      0x188 ./Startup/startup_stm32f407vgtx.o
                0x08000000                g_pfnVectors
                0x08000188                        . = ALIGN (0x4)

.text           0x08000188      0x4dc
                0x08000188                        . = ALIGN (0x4)
 *(.text)
 .text          0x08000188       0x40 /Applications/STM32CubeIDE.app/Contents/Eclipse/plugins/com.st.stm32cube.ide.mcu.externaltools.gnu-tools-for-stm32.13.3.rel1.macos64_1.0.0.202411102158/tools/bin/../lib/gcc/arm-none-eabi/13.3.1/thumb/v7e-m+fp/hard/crtbegin.o
 *(.text*)
 .text.main     0x080001c8       0x54 ./Src/led_toggle.o
                0x080001c8                main
 .text.Reset_Handler
                0x0800021c       0x50 ./Startup/startup_stm32f407vgtx.o
                0x0800021c                Reset_Handler
 .text.Default_Handler
                0x0800026c        0x2 ./Startup/startup_stm32f407vgtx.o
                0x0800026c                DMA1_Stream3_IRQHandler
                0x0800026c                HASH_RNG_IRQHandler
                0x0800026c                EXTI2_IRQHandler
                0x0800026c                TIM8_CC_IRQHandler
                0x0800026c                DebugMon_Handler
                0x0800026c                TIM1_CC_IRQHandler
                0x0800026c                DMA2_Stream5_IRQHandler
                0x0800026c                HardFault_Handler
                0x0800026c                DMA1_Stream5_IRQHandler
                0x0800026c                SysTick_Handler
                0x0800026c                PVD_IRQHandler
                0x0800026c                SDIO_IRQHandler
                0x0800026c                TAMP_STAMP_IRQHandler
                0x0800026c                PendSV_Handler
                0x0800026c                NMI_Handler
                0x0800026c                CAN2_RX1_IRQHandler
                0x0800026c                EXTI3_IRQHandler
                0x0800026c                TIM8_TRG_COM_TIM14_IRQHandler
                0x0800026c                TIM1_UP_TIM10_IRQHandler
                0x0800026c                TIM8_UP_TIM13_IRQHandler
                0x0800026c                I2C3_ER_IRQHandler
                0x0800026c                EXTI0_IRQHandler
                0x0800026c                I2C2_EV_IRQHandler
                0x0800026c                DMA1_Stream2_IRQHandler
                0x0800026c                CAN1_RX0_IRQHandler
                0x0800026c                FPU_IRQHandler
                0x0800026c                OTG_HS_WKUP_IRQHandler
                0x0800026c                UsageFault_Handler
                0x0800026c                CAN2_SCE_IRQHandler
                0x0800026c                DMA2_Stream2_IRQHandler
                0x0800026c                SPI1_IRQHandler
                0x0800026c                TIM6_DAC_IRQHandler
                0x0800026c                TIM1_BRK_TIM9_IRQHandler
                0x0800026c                DCMI_IRQHandler
                0x0800026c                CAN2_RX0_IRQHandler
                0x0800026c                DMA2_Stream3_IRQHandler
                0x0800026c                USART6_IRQHandler
                0x0800026c                USART3_IRQHandler
                0x0800026c                CRYP_IRQHandler
                0x0800026c                CAN1_RX1_IRQHandler
                0x0800026c                UART5_IRQHandler
                0x0800026c                DMA2_Stream0_IRQHandler
                0x0800026c                TIM4_IRQHandler
                0x0800026c                I2C1_EV_IRQHandler
                0x0800026c                DMA1_Stream6_IRQHandler
                0x0800026c                DMA1_Stream1_IRQHandler
                0x0800026c                UART4_IRQHandler
                0x0800026c                TIM3_IRQHandler
                0x0800026c                RCC_IRQHandler
                0x0800026c                TIM8_BRK_TIM12_IRQHandler
                0x0800026c                Default_Handler
                0x0800026c                EXTI15_10_IRQHandler
                0x0800026c                ADC_IRQHandler
                0x0800026c                DMA1_Stream7_IRQHandler
                0x0800026c                TIM7_IRQHandler
                0x0800026c                CAN2_TX_IRQHandler
                0x0800026c                TIM5_IRQHandler
                0x0800026c                DMA2_Stream7_IRQHandler
                0x0800026c                I2C3_EV_IRQHandler
                0x0800026c                EXTI9_5_IRQHandler
                0x0800026c                RTC_WKUP_IRQHandler
                0x0800026c                ETH_WKUP_IRQHandler
                0x0800026c                SPI2_IRQHandler
                0x0800026c                OTG_HS_EP1_IN_IRQHandler
                0x0800026c                MemManage_Handler
                0x0800026c                DMA1_Stream0_IRQHandler
                0x0800026c                CAN1_TX_IRQHandler
                0x0800026c                SVC_Handler
                0x0800026c                EXTI4_IRQHandler
                0x0800026c                FSMC_IRQHandler
                0x0800026c                ETH_IRQHandler
                0x0800026c                OTG_HS_EP1_OUT_IRQHandler
                0x0800026c                WWDG_IRQHandler
                0x0800026c                TIM2_IRQHandler
                0x0800026c                OTG_FS_WKUP_IRQHandler
                0x0800026c                TIM1_TRG_COM_TIM11_IRQHandler
                0x0800026c                OTG_HS_IRQHandler
                0x0800026c                EXTI1_IRQHandler
                0x0800026c                USART2_IRQHandler
                0x0800026c                I2C2_ER_IRQHandler
                0x0800026c                DMA2_Stream1_IRQHandler
                0x0800026c                CAN1_SCE_IRQHandler
                0x0800026c                DMA2_Stream4_IRQHandler
                0x0800026c                BusFault_Handler
                0x0800026c                USART1_IRQHandler
                0x0800026c                OTG_FS_IRQHandler
                0x0800026c                SPI3_IRQHandler
                0x0800026c                DMA1_Stream4_IRQHandler
                0x0800026c                I2C1_ER_IRQHandler
                0x0800026c                DMA2_Stream6_IRQHandler
                0x0800026c                RTC_Alarm_IRQHandler
 .text.GPIO_Init
                0x0800026e      0x19a ./drivers/Src/stm32f407xx_gpio_driver.o
                0x0800026e                GPIO_Init
 .text.GPIO_PeriClockControl
                0x08000408      0x1d0 ./drivers/Src/stm32f407xx_gpio_driver.o
                0x08000408                GPIO_PeriClockControl
 .text.GPIO_ToggleOutputPin
                0x080005d8       0x2a ./drivers/Src/stm32f407xx_gpio_driver.o
                0x080005d8                GPIO_ToggleOutputPin
 *fill*         0x08000602        0x2 
 .text.__libc_init_array
                0x08000604       0x48 /Applications/STM32CubeIDE.app/Contents/Eclipse/plugins/com.st.stm32cube.ide.mcu.externaltools.gnu-tools-for-stm32.13.3.rel1.macos64_1.0.0.202411102158/tools/bin/../lib/gcc/arm-none-eabi/13.3.1/../../../../arm-none-eabi/lib/thumb/v7e-m+fp/hard/libc_nano.a(libc_a-init.o)
                0x08000604                __libc_init_array
 *(.glue_7)
 .glue_7        0x0800064c        0x0 linker stubs
 *(.glue_7t)
 .glue_7t       0x0800064c        0x0 linker stubs
 *(.eh_frame)
 .eh_frame      0x0800064c        0x0 /Applications/STM32CubeIDE.app/Contents/Eclipse/plugins/com.st.stm32cube.ide.mcu.externaltools.gnu-tools-for-stm32.13.3.rel1.macos64_1.0.0.202411102158/tools/bin/../lib/gcc/arm-none-eabi/13.3.1/thumb/v7e-m+fp/hard/crtbegin.o
 *(.init)
 .init          0x0800064c        0x4 /Applications/STM32CubeIDE.app/Contents/Eclipse/plugins/com.st.stm32cube.ide.mcu.externaltools.gnu-tools-for-stm32.13.3.rel1.macos64_1.0.0.202411102158/tools/bin/../lib/gcc/arm-none-eabi/13.3.1/thumb/v7e-m+fp/hard/crti.o
                0x0800064c                _init
 .init          0x08000650        0x8 /Applications/STM32CubeIDE.app/Contents/Eclipse/plugins/com.st.stm32cube.ide.mcu.externaltools.gnu-tools-for-stm32.13.3.rel1.macos64_1.0.0.202411102158/tools/bin/../lib/gcc/arm-none-eabi/13.3.1/thumb/v7e-m+fp/hard/crtn.o
 *(.fini)
 .fini          0x08000658        0x4 /Applications/STM32CubeIDE.app/Contents/Eclipse/plugins/com.st.stm32cube.ide.mcu.externaltools.gnu-tools-for-stm32.13.3.rel1.macos64_1.0.0.202411102158/tools/bin/../lib/gcc/arm-none-eabi/13.3.1/thumb/v7e-m+fp/hard/crti.o
                0x08000658                _fini
 .fini          0x0800065c        0x8 /Applications/STM32CubeIDE.app/Contents/Eclipse/plugins/com.st.stm32cube.ide.mcu.externaltools.gnu-tools-for-stm32.13.3.rel1.macos64_1.0.0.202411102158/tools/bin/../lib/gcc/arm-none-eabi/13.3.1/thumb/v7e-m+fp/hard/crtn.o
                0x08000664                        . = ALIGN (0x4)
                0x08000664                        _etext = .

.vfp11_veneer   0x08000664        0x0
 .vfp11_veneer  0x08000664        0x0 linker stubs

.v4_bx          0x08000664        0x0
 .v4_bx         0x08000664        0x0 linker stubs

.iplt           0x08000664        0x0
 .iplt          0x08000664        0x0 /Applications/STM32CubeIDE.app/Contents/Eclipse/plugins/com.st.stm32cube.ide.mcu.externaltools.gnu-tools-for-stm32.13.3.rel1.macos64_1.0.0.202411102158/tools/bin/../lib/gcc/arm-none-eabi/13.3.1/thumb/v7e-m+fp/hard/crtbegin.o

.rodata         0x08000664        0x0
                0x08000664                        . = ALIGN (0x4)
 *(.rodata)
 *(.rodata*)
                0x08000664                        . = ALIGN (0x4)

.ARM.extab      0x08000664        0x0
                0x08000664                        . = ALIGN (0x4)
 *(.ARM.extab* .gnu.linkonce.armextab.*)
                0x08000664                        . = ALIGN (0x4)

.ARM            0x08000664        0x0
                0x08000664                        . = ALIGN (0x4)
                0x08000664                        __exidx_start = .
 *(.ARM.exidx*)
                0x08000664                        __exidx_end = .
                0x08000664                        . = ALIGN (0x4)

.preinit_array  0x08000664        0x0
                0x08000664                        . = ALIGN (0x4)
                0x08000664                        PROVIDE (__preinit_array_start = .)
 *(.preinit_array*)
                0x08000664                        PROVIDE (__preinit_array_end = .)
                0x08000664                        . = ALIGN (0x4)

.init_array     0x08000664        0x4
                0x08000664                        . = ALIGN (0x4)
                0x08000664                        PROVIDE (__init_array_start = .)
 *(SORT_BY_NAME(.init_array.*))
 *(.init_array*)
 .init_array    0x08000664        0x4 /Applications/STM32CubeIDE.app/Contents/Eclipse/plugins/com.st.stm32cube.ide.mcu.externaltools.gnu-tools-for-stm32.13.3.rel1.macos64_1.0.0.202411102158/tools/bin/../lib/gcc/arm-none-eabi/13.3.1/thumb/v7e-m+fp/hard/crtbegin.o
                0x08000668                        PROVIDE (__init_array_end = .)
                0x08000668                        . = ALIGN (0x4)

.fini_array     0x08000668        0x4
                0x08000668                        . = ALIGN (0x4)
                [!provide]                        PROVIDE (__fini_array_start = .)
 *(SORT_BY_NAME(.fini_array.*))
 *(.fini_array*)
 .fini_array    0x08000668        0x4 /Applications/STM32CubeIDE.app/Contents/Eclipse/plugins/com.st.stm32cube.ide.mcu.externaltools.gnu-tools-for-stm32.13.3.rel1.macos64_1.0.0.202411102158/tools/bin/../lib/gcc/arm-none-eabi/13.3.1/thumb/v7e-m+fp/hard/crtbegin.o
                [!provide]                        PROVIDE (__fini_array_end = .)
                0x0800066c                        . = ALIGN (0x4)
                0x0800066c                        _sidata = LOADADDR (.data)

.rel.dyn        0x0800066c        0x0
 .rel.iplt      0x0800066c        0x0 /Applications/STM32CubeIDE.app/Contents/Eclipse/plugins/com.st.stm32cube.ide.mcu.externaltools.gnu-tools-for-stm32.13.3.rel1.macos64_1.0.0.202411102158/tools/bin/../lib/gcc/arm-none-eabi/13.3.1/thumb/v7e-m+fp/hard/crtbegin.o

.data           0x20000000        0x0 load address 0x0800066c
                0x20000000                        . = ALIGN (0x4)
                0x20000000                        _sdata = .
 *(.data)
 *(.data*)
 *(.RamFunc)
 *(.RamFunc*)
                0x20000000                        . = ALIGN (0x4)
                0x20000000                        _edata = .
                0x0800066c                        _siccmram = LOADADDR (.ccmram)

.igot.plt       0x20000000        0x0 load address 0x0800066c
 .igot.plt      0x20000000        0x0 /Applications/STM32CubeIDE.app/Contents/Eclipse/plugins/com.st.stm32cube.ide.mcu.externaltools.gnu-tools-for-stm32.13.3.rel1.macos64_1.0.0.202411102158/tools/bin/../lib/gcc/arm-none-eabi/13.3.1/thumb/v7e-m+fp/hard/crtbegin.o

.ccmram         0x10000000        0x0 load address 0x0800066c
                0x10000000                        . = ALIGN (0x4)
                0x10000000                        _sccmram = .
 *(.ccmram)
 *(.ccmram*)
                0x10000000                        . = ALIGN (0x4)
                0x10000000                        _eccmram = .
                0x10000000                        . = ALIGN (0x4)

.bss            0x20000000       0x1c
                0x20000000                        _sbss = .
                0x20000000                        __bss_start__ = _sbss
 *(.bss)
 .bss           0x20000000       0x1c /Applications/STM32CubeIDE.app/Contents/Eclipse/plugins/com.st.stm32cube.ide.mcu.externaltools.gnu-tools-for-stm32.13.3.rel1.macos64_1.0.0.202411102158/tools/bin/../lib/gcc/arm-none-eabi/13.3.1/thumb/v7e-m+fp/hard/crtbegin.o
 *(.bss*)
 *(COMMON)
                0x2000001c                        . = ALIGN (0x4)
                0x2000001c                        _ebss = .
                0x2000001c                        __bss_end__ = _ebss

._user_heap_stack
                0x2000001c      0x604
                0x20000020                        . = ALIGN (0x8)
 *fill*         0x2000001c        0x4 
                [!provide]                        PROVIDE (end = .)
                0x20000020                        PROVIDE (_end = .)
                0x20000220                        . = (. + _Min_Heap_Size)
 *fill*         0x20000020      0x200 
                0x20000620                        . = (. + _Min_Stack_Size)
 *fill*         0x20000220      0x400 
                0x20000620                        . = ALIGN (0x8)

/DISCARD/
 libc.a(*)
 libm.a(*)
 libgcc.a(*)

.ARM.attributes
                0x00000000       0x30
 *(.ARM.attributes)
 .ARM.attributes
                0x00000000       0x22 /Applications/STM32CubeIDE.app/Contents/Eclipse/plugins/com.st.stm32cube.ide.mcu.externaltools.gnu-tools-for-stm32.13.3.rel1.macos64_1.0.0.202411102158/tools/bin/../lib/gcc/arm-none-eabi/13.3.1/thumb/v7e-m+fp/hard/crti.o
 .ARM.attributes
                0x00000022       0x34 /Applications/STM32CubeIDE.app/Contents/Eclipse/plugins/com.st.stm32cube.ide.mcu.externaltools.gnu-tools-for-stm32.13.3.rel1.macos64_1.0.0.202411102158/tools/bin/../lib/gcc/arm-none-eabi/13.3.1/thumb/v7e-m+fp/hard/crtbegin.o
 .ARM.attributes
                0x00000056       0x34 ./Src/led_toggle.o
 .ARM.attributes
                0x0000008a       0x21 ./Startup/startup_stm32f407vgtx.o
 .ARM.attributes
                0x000000ab       0x34 ./drivers/Src/stm32f407xx_gpio_driver.o
 .ARM.attributes
                0x000000df       0x34 /Applications/STM32CubeIDE.app/Contents/Eclipse/plugins/com.st.stm32cube.ide.mcu.externaltools.gnu-tools-for-stm32.13.3.rel1.macos64_1.0.0.202411102158/tools/bin/../lib/gcc/arm-none-eabi/13.3.1/../../../../arm-none-eabi/lib/thumb/v7e-m+fp/hard/libc_nano.a(libc_a-init.o)
 .ARM.attributes
                0x00000113       0x22 /Applications/STM32CubeIDE.app/Contents/Eclipse/plugins/com.st.stm32cube.ide.mcu.externaltools.gnu-tools-for-stm32.13.3.rel1.macos64_1.0.0.202411102158/tools/bin/../lib/gcc/arm-none-eabi/13.3.1/thumb/v7e-m+fp/hard/crtn.o
OUTPUT(stm32f4xx_drivers.elf elf32-littlearm)
LOAD linker stubs
LOAD /Applications/STM32CubeIDE.app/Contents/Eclipse/plugins/com.st.stm32cube.ide.mcu.externaltools.gnu-tools-for-stm32.13.3.rel1.macos64_1.0.0.202411102158/tools/bin/../lib/gcc/arm-none-eabi/13.3.1/../../../../arm-none-eabi/lib/thumb/v7e-m+fp/hard/libc.a
LOAD /Applications/STM32CubeIDE.app/Contents/Eclipse/plugins/com.st.stm32cube.ide.mcu.externaltools.gnu-tools-for-stm32.13.3.rel1.macos64_1.0.0.202411102158/tools/bin/../lib/gcc/arm-none-eabi/13.3.1/../../../../arm-none-eabi/lib/thumb/v7e-m+fp/hard/libm.a
LOAD /Applications/STM32CubeIDE.app/Contents/Eclipse/plugins/com.st.stm32cube.ide.mcu.externaltools.gnu-tools-for-stm32.13.3.rel1.macos64_1.0.0.202411102158/tools/bin/../lib/gcc/arm-none-eabi/13.3.1/thumb/v7e-m+fp/hard/libgcc.a

.debug_info     0x00000000      0x811
 .debug_info    0x00000000      0x252 ./Src/led_toggle.o
 .debug_info    0x00000252       0x30 ./Startup/startup_stm32f407vgtx.o
 .debug_info    0x00000282      0x58f ./drivers/Src/stm32f407xx_gpio_driver.o

.debug_abbrev   0x00000000      0x215
 .debug_abbrev  0x00000000       0xf6 ./Src/led_toggle.o
 .debug_abbrev  0x000000f6       0x24 ./Startup/startup_stm32f407vgtx.o
 .debug_abbrev  0x0000011a       0xfb ./drivers/Src/stm32f407xx_gpio_driver.o

.debug_aranges  0x00000000       0xa0
 .debug_aranges
                0x00000000       0x20 ./Src/led_toggle.o
 .debug_aranges
                0x00000020       0x28 ./Startup/startup_stm32f407vgtx.o
 .debug_aranges
                0x00000048       0x58 ./drivers/Src/stm32f407xx_gpio_driver.o

.debug_rnglists
                0x00000000       0x6c
 .debug_rnglists
                0x00000000       0x13 ./Src/led_toggle.o
 .debug_rnglists
                0x00000013       0x19 ./Startup/startup_stm32f407vgtx.o
 .debug_rnglists
                0x0000002c       0x40 ./drivers/Src/stm32f407xx_gpio_driver.o

.debug_macro    0x00000000     0x134e
 .debug_macro   0x00000000       0x86 ./Src/led_toggle.o
 .debug_macro   0x00000086      0xae4 ./Src/led_toggle.o
 .debug_macro   0x00000b6a       0x22 ./Src/led_toggle.o
 .debug_macro   0x00000b8c       0x8e ./Src/led_toggle.o
 .debug_macro   0x00000c1a       0x51 ./Src/led_toggle.o
 .debug_macro   0x00000c6b      0x103 ./Src/led_toggle.o
 .debug_macro   0x00000d6e       0x6a ./Src/led_toggle.o
 .debug_macro   0x00000dd8      0x1df ./Src/led_toggle.o
 .debug_macro   0x00000fb7      0x24d ./Src/led_toggle.o
 .debug_macro   0x00001204       0xc4 ./Src/led_toggle.o
 .debug_macro   0x000012c8       0x86 ./drivers/Src/stm32f407xx_gpio_driver.o

.debug_line     0x00000000      0xc0b
 .debug_line    0x00000000      0x438 ./Src/led_toggle.o
 .debug_line    0x00000438       0x7b ./Startup/startup_stm32f407vgtx.o
 .debug_line    0x000004b3      0x758 ./drivers/Src/stm32f407xx_gpio_driver.o

.debug_str      0x00000000     0x51e3
 .debug_str     0x00000000     0x51e3 ./Src/led_toggle.o
                               0x511f (size before relaxing)
 .debug_str     0x000051e3       0x7c ./Startup/startup_stm32f407vgtx.o
 .debug_str     0x000051e3     0x5307 ./drivers/Src/stm32f407xx_gpio_driver.o

.comment        0x00000000       0x43
 .comment       0x00000000       0x43 ./Src/led_toggle.o
                                 0x44 (size before relaxing)
 .comment       0x00000043       0x44 ./drivers/Src/stm32f407xx_gpio_driver.o

.debug_frame    0x00000000      0x1ac
 .debug_frame   0x00000000       0x30 ./Src/led_toggle.o
 .debug_frame   0x00000030      0x150 ./drivers/Src/stm32f407xx_gpio_driver.o
 .debug_frame   0x00000180       0x2c /Applications/STM32CubeIDE.app/Contents/Eclipse/plugins/com.st.stm32cube.ide.mcu.externaltools.gnu-tools-for-stm32.13.3.rel1.macos64_1.0.0.202411102158/tools/bin/../lib/gcc/arm-none-eabi/13.3.1/../../../../arm-none-eabi/lib/thumb/v7e-m+fp/hard/libc_nano.a(libc_a-init.o)

.debug_line_str
                0x00000000       0x60
 .debug_line_str
                0x00000000       0x60 ./Startup/startup_stm32f407vgtx.o
